###############################################################################
#
# IAR ELF Linker V8.11.3.13950/W32 for ARM                16/Mar/2018  00:06:43
# Copyright 2007-2017 IAR Systems AB.
#
#    Output file  =  
#        D:\STM32開発\I2C_SPL\Project\STM32F4xx_StdPeriph_Templates\EWARM\STM32F429_439xx\Exe\Project.out
#    Map file     =  
#        D:\STM32開発\I2C_SPL\Project\STM32F4xx_StdPeriph_Templates\EWARM\STM32F429_439xx\List\Project.map
#    Command line =  
#        -f C:\Users\KOKUBO\AppData\Local\Temp\EWC5ED.tmp
#        (D:\STM32開発\I2C_SPL\Project\STM32F4xx_StdPeriph_Templates\EWARM\STM32F429_439xx\Obj\main.o
#        D:\STM32開発\I2C_SPL\Project\STM32F4xx_StdPeriph_Templates\EWARM\STM32F429_439xx\Obj\misc.o
#        D:\STM32開発\I2C_SPL\Project\STM32F4xx_StdPeriph_Templates\EWARM\STM32F429_439xx\Obj\startup_stm32f429_439xx.o
#        D:\STM32開発\I2C_SPL\Project\STM32F4xx_StdPeriph_Templates\EWARM\STM32F429_439xx\Obj\stm32f4xx_adc.o
#        D:\STM32開発\I2C_SPL\Project\STM32F4xx_StdPeriph_Templates\EWARM\STM32F429_439xx\Obj\stm32f4xx_can.o
#        D:\STM32開発\I2C_SPL\Project\STM32F4xx_StdPeriph_Templates\EWARM\STM32F429_439xx\Obj\stm32f4xx_crc.o
#        D:\STM32開発\I2C_SPL\Project\STM32F4xx_StdPeriph_Templates\EWARM\STM32F429_439xx\Obj\stm32f4xx_cryp.o
#        D:\STM32開発\I2C_SPL\Project\STM32F4xx_StdPeriph_Templates\EWARM\STM32F429_439xx\Obj\stm32f4xx_cryp_aes.o
#        D:\STM32開発\I2C_SPL\Project\STM32F4xx_StdPeriph_Templates\EWARM\STM32F429_439xx\Obj\stm32f4xx_cryp_des.o
#        D:\STM32開発\I2C_SPL\Project\STM32F4xx_StdPeriph_Templates\EWARM\STM32F429_439xx\Obj\stm32f4xx_cryp_tdes.o
#        D:\STM32開発\I2C_SPL\Project\STM32F4xx_StdPeriph_Templates\EWARM\STM32F429_439xx\Obj\stm32f4xx_dac.o
#        D:\STM32開発\I2C_SPL\Project\STM32F4xx_StdPeriph_Templates\EWARM\STM32F429_439xx\Obj\stm32f4xx_dbgmcu.o
#        D:\STM32開発\I2C_SPL\Project\STM32F4xx_StdPeriph_Templates\EWARM\STM32F429_439xx\Obj\stm32f4xx_dcmi.o
#        D:\STM32開発\I2C_SPL\Project\STM32F4xx_StdPeriph_Templates\EWARM\STM32F429_439xx\Obj\stm32f4xx_dfsdm.o
#        D:\STM32開発\I2C_SPL\Project\STM32F4xx_StdPeriph_Templates\EWARM\STM32F429_439xx\Obj\stm32f4xx_dma.o
#        D:\STM32開発\I2C_SPL\Project\STM32F4xx_StdPeriph_Templates\EWARM\STM32F429_439xx\Obj\stm32f4xx_dma2d.o
#        D:\STM32開発\I2C_SPL\Project\STM32F4xx_StdPeriph_Templates\EWARM\STM32F429_439xx\Obj\stm32f4xx_exti.o
#        D:\STM32開発\I2C_SPL\Project\STM32F4xx_StdPeriph_Templates\EWARM\STM32F429_439xx\Obj\stm32f4xx_flash.o
#        D:\STM32開発\I2C_SPL\Project\STM32F4xx_StdPeriph_Templates\EWARM\STM32F429_439xx\Obj\stm32f4xx_fmc.o
#        D:\STM32開発\I2C_SPL\Project\STM32F4xx_StdPeriph_Templates\EWARM\STM32F429_439xx\Obj\stm32f4xx_fmpi2c.o
#        D:\STM32開発\I2C_SPL\Project\STM32F4xx_StdPeriph_Templates\EWARM\STM32F429_439xx\Obj\stm32f4xx_gpio.o
#        D:\STM32開発\I2C_SPL\Project\STM32F4xx_StdPeriph_Templates\EWARM\STM32F429_439xx\Obj\stm32f4xx_hash.o
#        D:\STM32開発\I2C_SPL\Project\STM32F4xx_StdPeriph_Templates\EWARM\STM32F429_439xx\Obj\stm32f4xx_hash_md5.o
#        D:\STM32開発\I2C_SPL\Project\STM32F4xx_StdPeriph_Templates\EWARM\STM32F429_439xx\Obj\stm32f4xx_hash_sha1.o
#        D:\STM32開発\I2C_SPL\Project\STM32F4xx_StdPeriph_Templates\EWARM\STM32F429_439xx\Obj\stm32f4xx_i2c.o
#        D:\STM32開発\I2C_SPL\Project\STM32F4xx_StdPeriph_Templates\EWARM\STM32F429_439xx\Obj\stm32f4xx_it.o
#        D:\STM32開発\I2C_SPL\Project\STM32F4xx_StdPeriph_Templates\EWARM\STM32F429_439xx\Obj\stm32f4xx_iwdg.o
#        D:\STM32開発\I2C_SPL\Project\STM32F4xx_StdPeriph_Templates\EWARM\STM32F429_439xx\Obj\stm32f4xx_lptim.o
#        D:\STM32開発\I2C_SPL\Project\STM32F4xx_StdPeriph_Templates\EWARM\STM32F429_439xx\Obj\stm32f4xx_ltdc.o
#        D:\STM32開発\I2C_SPL\Project\STM32F4xx_StdPeriph_Templates\EWARM\STM32F429_439xx\Obj\stm32f4xx_pwr.o
#        D:\STM32開発\I2C_SPL\Project\STM32F4xx_StdPeriph_Templates\EWARM\STM32F429_439xx\Obj\stm32f4xx_rcc.o
#        D:\STM32開発\I2C_SPL\Project\STM32F4xx_StdPeriph_Templates\EWARM\STM32F429_439xx\Obj\stm32f4xx_rng.o
#        D:\STM32開発\I2C_SPL\Project\STM32F4xx_StdPeriph_Templates\EWARM\STM32F429_439xx\Obj\stm32f4xx_rtc.o
#        D:\STM32開発\I2C_SPL\Project\STM32F4xx_StdPeriph_Templates\EWARM\STM32F429_439xx\Obj\stm32f4xx_sai.o
#        D:\STM32開発\I2C_SPL\Project\STM32F4xx_StdPeriph_Templates\EWARM\STM32F429_439xx\Obj\stm32f4xx_sdio.o
#        D:\STM32開発\I2C_SPL\Project\STM32F4xx_StdPeriph_Templates\EWARM\STM32F429_439xx\Obj\stm32f4xx_spdifrx.o
#        D:\STM32開発\I2C_SPL\Project\STM32F4xx_StdPeriph_Templates\EWARM\STM32F429_439xx\Obj\stm32f4xx_spi.o
#        D:\STM32開発\I2C_SPL\Project\STM32F4xx_StdPeriph_Templates\EWARM\STM32F429_439xx\Obj\stm32f4xx_syscfg.o
#        D:\STM32開発\I2C_SPL\Project\STM32F4xx_StdPeriph_Templates\EWARM\STM32F429_439xx\Obj\stm32f4xx_tim.o
#        D:\STM32開発\I2C_SPL\Project\STM32F4xx_StdPeriph_Templates\EWARM\STM32F429_439xx\Obj\stm32f4xx_usart.o
#        D:\STM32開発\I2C_SPL\Project\STM32F4xx_StdPeriph_Templates\EWARM\STM32F429_439xx\Obj\stm32f4xx_wwdg.o
#        D:\STM32開発\I2C_SPL\Project\STM32F4xx_StdPeriph_Templates\EWARM\STM32F429_439xx\Obj\system_stm32f4xx.o
#        --redirect _Printf=_PrintfSmall --redirect _Scanf=_ScanfSmall -o
#        D:\STM32開発\I2C_SPL\Project\STM32F4xx_StdPeriph_Templates\EWARM\STM32F429_439xx\Exe\Project.out
#        --map
#        D:\STM32開発\I2C_SPL\Project\STM32F4xx_StdPeriph_Templates\EWARM\STM32F429_439xx\List\Project.map
#        --config
#        D:\STM32開発\I2C_SPL\Project\STM32F4xx_StdPeriph_Templates\EWARM\stm32f4xx_flash.icf
#        --semihosting --entry __iar_program_start --vfe --text_out locale)
#
###############################################################################

*******************************************************************************
*** RUNTIME MODEL ATTRIBUTES
***

CppFlavor       = *
__SystemLibrary = DLib
__dlib_version  = 6


*******************************************************************************
*** HEAP SELECTION
***

The basic heap was selected because some modules are built with
size limitations (and not runtime checking), and --advanced_heap
was not specified.


*******************************************************************************
*** PLACEMENT SUMMARY
***

"A0":  place at 0x08000000 { ro section .intvec };
"P1":  place in [from 0x08000000 to 0x081fffff] { ro };
define block CSTACK with size = 1K, alignment = 8 { };
define block HEAP with size = 512, alignment = 8 { };
"P2":  place in [from 0x20000000 to 0x2002ffff] {
          rw, block CSTACK, block HEAP };
initialize by copy { rw };

  Section            Kind        Address   Size  Object
  -------            ----        -------   ----  ------
"A0":                                     0x1ac
  .intvec            ro code  0x08000000  0x1ac  startup_stm32f429_439xx.o [1]
                            - 0x080001ac  0x1ac

"P1":                                     0x581
  .text              ro code  0x080001ac  0x10c  system_stm32f4xx.o [1]
  .text              ro code  0x080002b8   0xc0  main.o [1]
  .text              ro code  0x08000378   0xc0  stm32f4xx_rcc.o [1]
  .text              ro code  0x08000438   0x70  stm32f4xx_gpio.o [1]
  .text              ro code  0x080004a8   0x38  packbits_init_single.o [5]
  .text              ro code  0x080004e0   0x28  data_init.o [5]
  .text              ro code  0x08000508   0x22  fpinit_M.o [4]
  .iar.init_table    const    0x0800052c   0x10  - Linker created -
  .text              ro code  0x0800053c   0x1a  cmain.o [5]
  .text              ro code  0x08000556    0x4  low_level_init.o [3]
  .text              ro code  0x0800055a    0x4  exit.o [3]
  .text              ro code  0x08000560    0xa  cexit.o [5]
  .text              ro code  0x0800056c   0x14  exit.o [6]
  .text              ro code  0x08000580   0x14  stm32f4xx_it.o [1]
  .text              ro code  0x08000594   0x10  startup_stm32f429_439xx.o [1]
  .text              ro code  0x080005a4    0xc  cstartup_M.o [5]
  .text              ro code  0x080005b0    0x4  startup_stm32f429_439xx.o [1]
  .text              ro code  0x080005b4    0x4  startup_stm32f429_439xx.o [1]
  .text              ro code  0x080005b8    0x4  startup_stm32f429_439xx.o [1]
  .text              ro code  0x080005bc    0x4  startup_stm32f429_439xx.o [1]
  .text              ro code  0x080005c0    0x4  startup_stm32f429_439xx.o [1]
  .text              ro code  0x080005c4    0x4  startup_stm32f429_439xx.o [1]
  .text              ro code  0x080005c8    0x4  startup_stm32f429_439xx.o [1]
  .text              ro code  0x080005cc    0x4  startup_stm32f429_439xx.o [1]
  .text              ro code  0x080005d0    0x4  startup_stm32f429_439xx.o [1]
  .text              ro code  0x080005d4    0x4  startup_stm32f429_439xx.o [1]
  .text              ro code  0x080005d8    0x4  startup_stm32f429_439xx.o [1]
  .text              ro code  0x080005dc    0x4  startup_stm32f429_439xx.o [1]
  .text              ro code  0x080005e0    0x4  startup_stm32f429_439xx.o [1]
  .text              ro code  0x080005e4    0x4  startup_stm32f429_439xx.o [1]
  .text              ro code  0x080005e8    0x4  startup_stm32f429_439xx.o [1]
  .text              ro code  0x080005ec    0x4  startup_stm32f429_439xx.o [1]
  .text              ro code  0x080005f0    0x4  startup_stm32f429_439xx.o [1]
  .text              ro code  0x080005f4    0x4  startup_stm32f429_439xx.o [1]
  .text              ro code  0x080005f8    0x4  startup_stm32f429_439xx.o [1]
  .text              ro code  0x080005fc    0x4  startup_stm32f429_439xx.o [1]
  .text              ro code  0x08000600    0x4  startup_stm32f429_439xx.o [1]
  .text              ro code  0x08000604    0x4  startup_stm32f429_439xx.o [1]
  .text              ro code  0x08000608    0x4  startup_stm32f429_439xx.o [1]
  .text              ro code  0x0800060c    0x4  startup_stm32f429_439xx.o [1]
  .text              ro code  0x08000610    0x4  startup_stm32f429_439xx.o [1]
  .text              ro code  0x08000614    0x4  startup_stm32f429_439xx.o [1]
  .text              ro code  0x08000618    0x4  startup_stm32f429_439xx.o [1]
  .text              ro code  0x0800061c    0x4  startup_stm32f429_439xx.o [1]
  .text              ro code  0x08000620    0x4  startup_stm32f429_439xx.o [1]
  .text              ro code  0x08000624    0x4  startup_stm32f429_439xx.o [1]
  .text              ro code  0x08000628    0x4  startup_stm32f429_439xx.o [1]
  .text              ro code  0x0800062c    0x4  startup_stm32f429_439xx.o [1]
  .text              ro code  0x08000630    0x4  startup_stm32f429_439xx.o [1]
  .text              ro code  0x08000634    0x4  startup_stm32f429_439xx.o [1]
  .text              ro code  0x08000638    0x4  startup_stm32f429_439xx.o [1]
  .text              ro code  0x0800063c    0x4  startup_stm32f429_439xx.o [1]
  .text              ro code  0x08000640    0x4  startup_stm32f429_439xx.o [1]
  .text              ro code  0x08000644    0x4  startup_stm32f429_439xx.o [1]
  .text              ro code  0x08000648    0x4  startup_stm32f429_439xx.o [1]
  .text              ro code  0x0800064c    0x4  startup_stm32f429_439xx.o [1]
  .text              ro code  0x08000650    0x4  startup_stm32f429_439xx.o [1]
  .text              ro code  0x08000654    0x4  startup_stm32f429_439xx.o [1]
  .text              ro code  0x08000658    0x4  startup_stm32f429_439xx.o [1]
  .text              ro code  0x0800065c    0x4  startup_stm32f429_439xx.o [1]
  .text              ro code  0x08000660    0x4  startup_stm32f429_439xx.o [1]
  .text              ro code  0x08000664    0x4  startup_stm32f429_439xx.o [1]
  .text              ro code  0x08000668    0x4  startup_stm32f429_439xx.o [1]
  .text              ro code  0x0800066c    0x4  startup_stm32f429_439xx.o [1]
  .text              ro code  0x08000670    0x4  startup_stm32f429_439xx.o [1]
  .text              ro code  0x08000674    0x4  startup_stm32f429_439xx.o [1]
  .text              ro code  0x08000678    0x4  startup_stm32f429_439xx.o [1]
  .text              ro code  0x0800067c    0x4  startup_stm32f429_439xx.o [1]
  .text              ro code  0x08000680    0x4  startup_stm32f429_439xx.o [1]
  .text              ro code  0x08000684    0x4  startup_stm32f429_439xx.o [1]
  .text              ro code  0x08000688    0x4  startup_stm32f429_439xx.o [1]
  .text              ro code  0x0800068c    0x4  startup_stm32f429_439xx.o [1]
  .text              ro code  0x08000690    0x4  startup_stm32f429_439xx.o [1]
  .text              ro code  0x08000694    0x4  startup_stm32f429_439xx.o [1]
  .text              ro code  0x08000698    0x4  startup_stm32f429_439xx.o [1]
  .text              ro code  0x0800069c    0x4  startup_stm32f429_439xx.o [1]
  .text              ro code  0x080006a0    0x4  startup_stm32f429_439xx.o [1]
  .text              ro code  0x080006a4    0x4  startup_stm32f429_439xx.o [1]
  .text              ro code  0x080006a8    0x4  startup_stm32f429_439xx.o [1]
  .text              ro code  0x080006ac    0x4  startup_stm32f429_439xx.o [1]
  .text              ro code  0x080006b0    0x4  startup_stm32f429_439xx.o [1]
  .text              ro code  0x080006b4    0x4  startup_stm32f429_439xx.o [1]
  .text              ro code  0x080006b8    0x4  startup_stm32f429_439xx.o [1]
  .text              ro code  0x080006bc    0x4  startup_stm32f429_439xx.o [1]
  .text              ro code  0x080006c0    0x4  startup_stm32f429_439xx.o [1]
  .text              ro code  0x080006c4    0x4  startup_stm32f429_439xx.o [1]
  .text              ro code  0x080006c8    0x4  startup_stm32f429_439xx.o [1]
  .text              ro code  0x080006cc    0x4  startup_stm32f429_439xx.o [1]
  .text              ro code  0x080006d0    0x4  startup_stm32f429_439xx.o [1]
  .text              ro code  0x080006d4    0x4  startup_stm32f429_439xx.o [1]
  .text              ro code  0x080006d8    0x4  startup_stm32f429_439xx.o [1]
  .text              ro code  0x080006dc    0x4  startup_stm32f429_439xx.o [1]
  .text              ro code  0x080006e0    0x4  startup_stm32f429_439xx.o [1]
  .text              ro code  0x080006e4    0x4  startup_stm32f429_439xx.o [1]
  .text              ro code  0x080006e8    0x4  startup_stm32f429_439xx.o [1]
  .text              ro code  0x080006ec    0x4  startup_stm32f429_439xx.o [1]
  .text              ro code  0x080006f0    0x4  startup_stm32f429_439xx.o [1]
  .text              ro code  0x080006f4    0x4  startup_stm32f429_439xx.o [1]
  .text              ro code  0x080006f8    0x4  startup_stm32f429_439xx.o [1]
  .text              ro code  0x080006fc    0x4  startup_stm32f429_439xx.o [1]
  .text              ro code  0x08000700    0x4  startup_stm32f429_439xx.o [1]
  .text              ro code  0x08000704    0x4  startup_stm32f429_439xx.o [1]
  .text              ro code  0x08000708    0x4  startup_stm32f429_439xx.o [1]
  .text              ro code  0x0800070c    0x4  startup_stm32f429_439xx.o [1]
  .text              ro code  0x08000710    0x4  startup_stm32f429_439xx.o [1]
  .text              ro code  0x08000714    0x4  startup_stm32f429_439xx.o [1]
  .text              ro code  0x08000718    0x4  startup_stm32f429_439xx.o [1]
  .rodata            const    0x0800071c    0x0  packbits_init_single.o [5]
  Initializer bytes  const    0x0800071c   0x11  <for P2-1>
                            - 0x0800072d  0x581

"P2", part 1 of 2:                         0x24
  P2-1                        0x20000000   0x24  <Init block>
    .data            inited   0x20000000   0x10  stm32f4xx_rcc.o [1]
    .bss             inited   0x20000010   0x14  main.o [1]
                            - 0x20000024   0x24

"P2", part 2 of 2:                        0x400
  CSTACK                      0x20000028  0x400  <Block>
    CSTACK           uninit   0x20000028  0x400  <Block tail>
                            - 0x20000428  0x400


*******************************************************************************
*** INIT TABLE
***

          Address     Size
          -------     ----
Copy/packbits (__iar_packbits_init_single3)
    1 source range, total size 0x11 (47% of destination):
          0x0800071c  0x11
    1 destination range, total size 0x24:
          0x20000000  0x24



*******************************************************************************
*** MODULE SUMMARY
***

    Module                     ro code  ro data  rw data
    ------                     -------  -------  -------
D:\STM32開発\I2C_SPL\Project\STM32F4xx_StdPeriph_Templates\EWARM\STM32F429_439xx\Obj: [1]
    main.o                         192       10       20
    startup_stm32f429_439xx.o      808
    stm32f4xx_gpio.o               112
    stm32f4xx_it.o                  20
    stm32f4xx_rcc.o                192        7       16
    system_stm32f4xx.o             268
    ----------------------------------------------------
    Total:                       1 592       17       36

command line: [2]
    ----------------------------------------------------
    Total:

dl7M_tln.a: [3]
    exit.o                           4
    low_level_init.o                 4
    ----------------------------------------------------
    Total:                           8

m7M_tls.a: [4]
    fpinit_M.o                      34
    ----------------------------------------------------
    Total:                          34

rt7M_tl.a: [5]
    cexit.o                         10
    cmain.o                         26
    cstartup_M.o                    12
    data_init.o                     40
    packbits_init_single.o          56
    ----------------------------------------------------
    Total:                         144

shb_l.a: [6]
    exit.o                          20
    ----------------------------------------------------
    Total:                          20

    Gaps                             4        2
    Linker created                           16    1 024
--------------------------------------------------------
    Grand Total:                 1 802       35    1 060


*******************************************************************************
*** ENTRY LIST
***

Entry                      Address  Size  Type      Object
-----                      -------  ----  ----      ------
.iar.init_table$$Base   0x0800052c         --   Gb  - Linker created -
.iar.init_table$$Limit  0x0800053c         --   Gb  - Linker created -
?main                   0x0800053d        Code  Gb  cmain.o [5]
APBAHBPrescTable        0x20000000  0x10  Data  Lc  stm32f4xx_rcc.o [1]
BusFault_Handler        0x08000587   0x2  Code  Gb  stm32f4xx_it.o [1]
CSTACK$$Base            0x20000028         --   Gb  - Linker created -
CSTACK$$Limit           0x20000428         --   Gb  - Linker created -
DebugMon_Handler        0x0800058d   0x2  Code  Gb  stm32f4xx_it.o [1]
GPIO_Init               0x08000439  0x70  Code  Gb  stm32f4xx_gpio.o [1]
HardFault_Handler       0x08000583   0x2  Code  Gb  stm32f4xx_it.o [1]
MemManage_Handler       0x08000585   0x2  Code  Gb  stm32f4xx_it.o [1]
NMI_Handler             0x08000581   0x2  Code  Gb  stm32f4xx_it.o [1]
PendSV_Handler          0x0800058f   0x2  Code  Gb  stm32f4xx_it.o [1]
RCC_AHB1PeriphClockCmd  0x0800040d  0x12  Code  Gb  stm32f4xx_rcc.o [1]
RCC_Clocks              0x20000010  0x10  Data  Gb  main.o [1]
RCC_GetClocksFreq       0x08000393  0x7a  Code  Gb  stm32f4xx_rcc.o [1]
RCC_MCO1Config          0x08000379   0xa  Code  Gb  stm32f4xx_rcc.o [1]
RCC_MCO2Config          0x08000383   0x8  Code  Gb  stm32f4xx_rcc.o [1]
Region$$Table$$Base     0x0800052c         --   Gb  - Linker created -
Region$$Table$$Limit    0x0800053c         --   Gb  - Linker created -
SVC_Handler             0x0800058b   0x2  Code  Gb  stm32f4xx_it.o [1]
SysTick_Handler         0x08000591   0x4  Code  Gb  stm32f4xx_it.o [1]
SystemInit              0x080001ad  0xea  Code  Gb  system_stm32f4xx.o [1]
TimingDelay_Decrement   0x08000355   0xe  Code  Gb  main.o [1]
UsageFault_Handler      0x08000589   0x2  Code  Gb  stm32f4xx_it.o [1]
__cmain                 0x0800053d        Code  Gb  cmain.o [5]
__exit                  0x0800056d  0x14  Code  Gb  exit.o [6]
__iar_data_init3        0x080004e1  0x28  Code  Gb  data_init.o [5]
__iar_init_vfp          0x08000509        Code  Gb  fpinit_M.o [4]
__iar_packbits_init_single3
                        0x080004a9  0x38  Code  Gb  packbits_init_single.o [5]
__iar_program_start     0x080005a5        Code  Gb  cstartup_M.o [5]
__iar_systems$$module {Abs}
                        0x00000001        Data  Gb  command line/config [2]
__low_level_init        0x08000557   0x4  Code  Gb  low_level_init.o [3]
__vector_table          0x08000000        Data  Gb  startup_stm32f429_439xx.o [1]
_call_main              0x08000549        Code  Gb  cmain.o [5]
_exit                   0x08000561        Code  Gb  cexit.o [5]
_main                   0x08000553        Code  Gb  cmain.o [5]
exit                    0x0800055b   0x4  Code  Gb  exit.o [3]
main                    0x080002b9  0x7e  Code  Gb  main.o [1]
uwTimingDelay           0x20000020   0x4  Data  Lc  main.o [1]


[1] = D:\STM32開発\I2C_SPL\Project\STM32F4xx_StdPeriph_Templates\EWARM\STM32F429_439xx\Obj
[2] = command line
[3] = dl7M_tln.a
[4] = m7M_tls.a
[5] = rt7M_tl.a
[6] = shb_l.a

  1 802 bytes of readonly  code memory
     35 bytes of readonly  data memory
  1 060 bytes of readwrite data memory

Errors: none
Warnings: none
