###############################################################################
#
# IAR ELF Linker V8.11.3.13950/W32 for ARM                20/Sep/2018  01:10:21
# Copyright 2007-2017 IAR Systems AB.
#
#    Output file  =  
#        C:\Users\KOKUBO\Documents\STM32開発\I2C_SPL_LCD\Project\STM32F4xx_StdPeriph_Templates\EWARM\STM32F446xx\Exe\Project.out
#    Map file     =  
#        C:\Users\KOKUBO\Documents\STM32開発\I2C_SPL_LCD\Project\STM32F4xx_StdPeriph_Templates\EWARM\STM32F446xx\List\Project.map
#    Command line =  
#        -f C:\Users\KOKUBO\AppData\Local\Temp\EWB5D5.tmp
#        (C:\Users\KOKUBO\Documents\STM32開発\I2C_SPL_LCD\Project\STM32F4xx_StdPeriph_Templates\EWARM\STM32F446xx\Obj\main.o
#        C:\Users\KOKUBO\Documents\STM32開発\I2C_SPL_LCD\Project\STM32F4xx_StdPeriph_Templates\EWARM\STM32F446xx\Obj\misc.o
#        C:\Users\KOKUBO\Documents\STM32開発\I2C_SPL_LCD\Project\STM32F4xx_StdPeriph_Templates\EWARM\STM32F446xx\Obj\startup_stm32f446xx.o
#        C:\Users\KOKUBO\Documents\STM32開発\I2C_SPL_LCD\Project\STM32F4xx_StdPeriph_Templates\EWARM\STM32F446xx\Obj\stm32f4xx_adc.o
#        C:\Users\KOKUBO\Documents\STM32開発\I2C_SPL_LCD\Project\STM32F4xx_StdPeriph_Templates\EWARM\STM32F446xx\Obj\stm32f4xx_can.o
#        C:\Users\KOKUBO\Documents\STM32開発\I2C_SPL_LCD\Project\STM32F4xx_StdPeriph_Templates\EWARM\STM32F446xx\Obj\stm32f4xx_cec.o
#        C:\Users\KOKUBO\Documents\STM32開発\I2C_SPL_LCD\Project\STM32F4xx_StdPeriph_Templates\EWARM\STM32F446xx\Obj\stm32f4xx_crc.o
#        C:\Users\KOKUBO\Documents\STM32開発\I2C_SPL_LCD\Project\STM32F4xx_StdPeriph_Templates\EWARM\STM32F446xx\Obj\stm32f4xx_cryp.o
#        C:\Users\KOKUBO\Documents\STM32開発\I2C_SPL_LCD\Project\STM32F4xx_StdPeriph_Templates\EWARM\STM32F446xx\Obj\stm32f4xx_cryp_aes.o
#        C:\Users\KOKUBO\Documents\STM32開発\I2C_SPL_LCD\Project\STM32F4xx_StdPeriph_Templates\EWARM\STM32F446xx\Obj\stm32f4xx_cryp_des.o
#        C:\Users\KOKUBO\Documents\STM32開発\I2C_SPL_LCD\Project\STM32F4xx_StdPeriph_Templates\EWARM\STM32F446xx\Obj\stm32f4xx_cryp_tdes.o
#        C:\Users\KOKUBO\Documents\STM32開発\I2C_SPL_LCD\Project\STM32F4xx_StdPeriph_Templates\EWARM\STM32F446xx\Obj\stm32f4xx_dac.o
#        C:\Users\KOKUBO\Documents\STM32開発\I2C_SPL_LCD\Project\STM32F4xx_StdPeriph_Templates\EWARM\STM32F446xx\Obj\stm32f4xx_dbgmcu.o
#        C:\Users\KOKUBO\Documents\STM32開発\I2C_SPL_LCD\Project\STM32F4xx_StdPeriph_Templates\EWARM\STM32F446xx\Obj\stm32f4xx_dcmi.o
#        C:\Users\KOKUBO\Documents\STM32開発\I2C_SPL_LCD\Project\STM32F4xx_StdPeriph_Templates\EWARM\STM32F446xx\Obj\stm32f4xx_dfsdm.o
#        C:\Users\KOKUBO\Documents\STM32開発\I2C_SPL_LCD\Project\STM32F4xx_StdPeriph_Templates\EWARM\STM32F446xx\Obj\stm32f4xx_dma.o
#        C:\Users\KOKUBO\Documents\STM32開発\I2C_SPL_LCD\Project\STM32F4xx_StdPeriph_Templates\EWARM\STM32F446xx\Obj\stm32f4xx_dma2d.o
#        C:\Users\KOKUBO\Documents\STM32開発\I2C_SPL_LCD\Project\STM32F4xx_StdPeriph_Templates\EWARM\STM32F446xx\Obj\stm32f4xx_exti.o
#        C:\Users\KOKUBO\Documents\STM32開発\I2C_SPL_LCD\Project\STM32F4xx_StdPeriph_Templates\EWARM\STM32F446xx\Obj\stm32f4xx_flash.o
#        C:\Users\KOKUBO\Documents\STM32開発\I2C_SPL_LCD\Project\STM32F4xx_StdPeriph_Templates\EWARM\STM32F446xx\Obj\stm32f4xx_fmc.o
#        C:\Users\KOKUBO\Documents\STM32開発\I2C_SPL_LCD\Project\STM32F4xx_StdPeriph_Templates\EWARM\STM32F446xx\Obj\stm32f4xx_fmpi2c.o
#        C:\Users\KOKUBO\Documents\STM32開発\I2C_SPL_LCD\Project\STM32F4xx_StdPeriph_Templates\EWARM\STM32F446xx\Obj\stm32f4xx_gpio.o
#        C:\Users\KOKUBO\Documents\STM32開発\I2C_SPL_LCD\Project\STM32F4xx_StdPeriph_Templates\EWARM\STM32F446xx\Obj\stm32f4xx_hash.o
#        C:\Users\KOKUBO\Documents\STM32開発\I2C_SPL_LCD\Project\STM32F4xx_StdPeriph_Templates\EWARM\STM32F446xx\Obj\stm32f4xx_hash_md5.o
#        C:\Users\KOKUBO\Documents\STM32開発\I2C_SPL_LCD\Project\STM32F4xx_StdPeriph_Templates\EWARM\STM32F446xx\Obj\stm32f4xx_hash_sha1.o
#        C:\Users\KOKUBO\Documents\STM32開発\I2C_SPL_LCD\Project\STM32F4xx_StdPeriph_Templates\EWARM\STM32F446xx\Obj\stm32f4xx_i2c.o
#        C:\Users\KOKUBO\Documents\STM32開発\I2C_SPL_LCD\Project\STM32F4xx_StdPeriph_Templates\EWARM\STM32F446xx\Obj\stm32f4xx_it.o
#        C:\Users\KOKUBO\Documents\STM32開発\I2C_SPL_LCD\Project\STM32F4xx_StdPeriph_Templates\EWARM\STM32F446xx\Obj\stm32f4xx_iwdg.o
#        C:\Users\KOKUBO\Documents\STM32開発\I2C_SPL_LCD\Project\STM32F4xx_StdPeriph_Templates\EWARM\STM32F446xx\Obj\stm32f4xx_lptim.o
#        C:\Users\KOKUBO\Documents\STM32開発\I2C_SPL_LCD\Project\STM32F4xx_StdPeriph_Templates\EWARM\STM32F446xx\Obj\stm32f4xx_ltdc.o
#        C:\Users\KOKUBO\Documents\STM32開発\I2C_SPL_LCD\Project\STM32F4xx_StdPeriph_Templates\EWARM\STM32F446xx\Obj\stm32f4xx_pwr.o
#        C:\Users\KOKUBO\Documents\STM32開発\I2C_SPL_LCD\Project\STM32F4xx_StdPeriph_Templates\EWARM\STM32F446xx\Obj\stm32f4xx_qspi.o
#        C:\Users\KOKUBO\Documents\STM32開発\I2C_SPL_LCD\Project\STM32F4xx_StdPeriph_Templates\EWARM\STM32F446xx\Obj\stm32f4xx_rcc.o
#        C:\Users\KOKUBO\Documents\STM32開発\I2C_SPL_LCD\Project\STM32F4xx_StdPeriph_Templates\EWARM\STM32F446xx\Obj\stm32f4xx_rng.o
#        C:\Users\KOKUBO\Documents\STM32開発\I2C_SPL_LCD\Project\STM32F4xx_StdPeriph_Templates\EWARM\STM32F446xx\Obj\stm32f4xx_rtc.o
#        C:\Users\KOKUBO\Documents\STM32開発\I2C_SPL_LCD\Project\STM32F4xx_StdPeriph_Templates\EWARM\STM32F446xx\Obj\stm32f4xx_sai.o
#        C:\Users\KOKUBO\Documents\STM32開発\I2C_SPL_LCD\Project\STM32F4xx_StdPeriph_Templates\EWARM\STM32F446xx\Obj\stm32f4xx_sdio.o
#        C:\Users\KOKUBO\Documents\STM32開発\I2C_SPL_LCD\Project\STM32F4xx_StdPeriph_Templates\EWARM\STM32F446xx\Obj\stm32f4xx_spdifrx.o
#        C:\Users\KOKUBO\Documents\STM32開発\I2C_SPL_LCD\Project\STM32F4xx_StdPeriph_Templates\EWARM\STM32F446xx\Obj\stm32f4xx_spi.o
#        C:\Users\KOKUBO\Documents\STM32開発\I2C_SPL_LCD\Project\STM32F4xx_StdPeriph_Templates\EWARM\STM32F446xx\Obj\stm32f4xx_syscfg.o
#        C:\Users\KOKUBO\Documents\STM32開発\I2C_SPL_LCD\Project\STM32F4xx_StdPeriph_Templates\EWARM\STM32F446xx\Obj\stm32f4xx_tim.o
#        C:\Users\KOKUBO\Documents\STM32開発\I2C_SPL_LCD\Project\STM32F4xx_StdPeriph_Templates\EWARM\STM32F446xx\Obj\stm32f4xx_usart.o
#        C:\Users\KOKUBO\Documents\STM32開発\I2C_SPL_LCD\Project\STM32F4xx_StdPeriph_Templates\EWARM\STM32F446xx\Obj\stm32f4xx_wwdg.o
#        C:\Users\KOKUBO\Documents\STM32開発\I2C_SPL_LCD\Project\STM32F4xx_StdPeriph_Templates\EWARM\STM32F446xx\Obj\system_stm32f4xx.o
#        --redirect _Printf=_PrintfSmall --redirect _Scanf=_ScanfSmall -o
#        C:\Users\KOKUBO\Documents\STM32開発\I2C_SPL_LCD\Project\STM32F4xx_StdPeriph_Templates\EWARM\STM32F446xx\Exe\Project.out
#        --map
#        C:\Users\KOKUBO\Documents\STM32開発\I2C_SPL_LCD\Project\STM32F4xx_StdPeriph_Templates\EWARM\STM32F446xx\List\Project.map
#        --config
#        C:\Users\KOKUBO\Documents\STM32開発\I2C_SPL_LCD\Project\STM32F4xx_StdPeriph_Templates\EWARM\stm32f4xx_flash.icf
#        --semihosting --entry __iar_program_start --vfe --text_out locale)
#
###############################################################################

*******************************************************************************
*** RUNTIME MODEL ATTRIBUTES
***

CppFlavor       = *
__SystemLibrary = DLib
__dlib_version  = 6


*******************************************************************************
*** HEAP SELECTION
***

The basic heap was selected because some modules are built with
size limitations (and not runtime checking), and --advanced_heap
was not specified.


*******************************************************************************
*** PLACEMENT SUMMARY
***

"A0":  place at 0x08000000 { ro section .intvec };
"P1":  place in [from 0x08000000 to 0x081fffff] { ro };
define block CSTACK with size = 1K, alignment = 8 { };
define block HEAP with size = 512, alignment = 8 { };
"P2":  place in [from 0x20000000 to 0x2002ffff] {
          rw, block CSTACK, block HEAP };
initialize by copy { rw };

  Section            Kind        Address   Size  Object
  -------            ----        -------   ----  ------
"A0":                                     0x1c4
  .intvec            ro code  0x08000000  0x1c4  startup_stm32f446xx.o [1]
                            - 0x080001c4  0x1c4

"P1":                                     0xbc1
  .text              ro code  0x080001c4  0x340  main.o [1]
  .text              ro code  0x08000504  0x20c  stm32f4xx_rcc.o [1]
  .text              ro code  0x08000710   0xb2  stm32f4xx_gpio.o [1]
  .text              ro code  0x080007c4  0x1ca  stm32f4xx_i2c.o [1]
  .text              ro code  0x08000990  0x180  system_stm32f4xx.o [1]
  .text              ro code  0x08000b10   0x38  packbits_init_single.o [5]
  .text              ro code  0x08000b48   0x28  data_init.o [5]
  .text              ro code  0x08000b70   0x22  fpinit_M.o [4]
  .iar.init_table    const    0x08000b94   0x10  - Linker created -
  .text              ro code  0x08000ba4   0x1a  cmain.o [5]
  .text              ro code  0x08000bbe    0x4  low_level_init.o [3]
  .text              ro code  0x08000bc2    0x4  exit.o [3]
  .text              ro code  0x08000bc8    0xa  cexit.o [5]
  .text              ro code  0x08000bd4   0x14  exit.o [6]
  .text              ro code  0x08000be8   0x18  stm32f4xx_it.o [1]
  .text              ro code  0x08000c00   0x10  startup_stm32f446xx.o [1]
  .text              ro code  0x08000c10    0xc  cstartup_M.o [5]
  .text              ro code  0x08000c1c    0x4  startup_stm32f446xx.o [1]
  .text              ro code  0x08000c20    0x4  startup_stm32f446xx.o [1]
  .text              ro code  0x08000c24    0x4  startup_stm32f446xx.o [1]
  .text              ro code  0x08000c28    0x4  startup_stm32f446xx.o [1]
  .text              ro code  0x08000c2c    0x4  startup_stm32f446xx.o [1]
  .text              ro code  0x08000c30    0x4  startup_stm32f446xx.o [1]
  .text              ro code  0x08000c34    0x4  startup_stm32f446xx.o [1]
  .text              ro code  0x08000c38    0x4  startup_stm32f446xx.o [1]
  .text              ro code  0x08000c3c    0x4  startup_stm32f446xx.o [1]
  .text              ro code  0x08000c40    0x4  startup_stm32f446xx.o [1]
  .text              ro code  0x08000c44    0x4  startup_stm32f446xx.o [1]
  .text              ro code  0x08000c48    0x4  startup_stm32f446xx.o [1]
  .text              ro code  0x08000c4c    0x4  startup_stm32f446xx.o [1]
  .text              ro code  0x08000c50    0x4  startup_stm32f446xx.o [1]
  .text              ro code  0x08000c54    0x4  startup_stm32f446xx.o [1]
  .text              ro code  0x08000c58    0x4  startup_stm32f446xx.o [1]
  .text              ro code  0x08000c5c    0x4  startup_stm32f446xx.o [1]
  .text              ro code  0x08000c60    0x4  startup_stm32f446xx.o [1]
  .text              ro code  0x08000c64    0x4  startup_stm32f446xx.o [1]
  .text              ro code  0x08000c68    0x4  startup_stm32f446xx.o [1]
  .text              ro code  0x08000c6c    0x4  startup_stm32f446xx.o [1]
  .text              ro code  0x08000c70    0x4  startup_stm32f446xx.o [1]
  .text              ro code  0x08000c74    0x4  startup_stm32f446xx.o [1]
  .text              ro code  0x08000c78    0x4  startup_stm32f446xx.o [1]
  .text              ro code  0x08000c7c    0x4  startup_stm32f446xx.o [1]
  .text              ro code  0x08000c80    0x4  startup_stm32f446xx.o [1]
  .text              ro code  0x08000c84    0x4  startup_stm32f446xx.o [1]
  .text              ro code  0x08000c88    0x4  startup_stm32f446xx.o [1]
  .text              ro code  0x08000c8c    0x4  startup_stm32f446xx.o [1]
  .text              ro code  0x08000c90    0x4  startup_stm32f446xx.o [1]
  .text              ro code  0x08000c94    0x4  startup_stm32f446xx.o [1]
  .text              ro code  0x08000c98    0x4  startup_stm32f446xx.o [1]
  .text              ro code  0x08000c9c    0x4  startup_stm32f446xx.o [1]
  .text              ro code  0x08000ca0    0x4  startup_stm32f446xx.o [1]
  .text              ro code  0x08000ca4    0x4  startup_stm32f446xx.o [1]
  .text              ro code  0x08000ca8    0x4  startup_stm32f446xx.o [1]
  .text              ro code  0x08000cac    0x4  startup_stm32f446xx.o [1]
  .text              ro code  0x08000cb0    0x4  startup_stm32f446xx.o [1]
  .text              ro code  0x08000cb4    0x4  startup_stm32f446xx.o [1]
  .text              ro code  0x08000cb8    0x4  startup_stm32f446xx.o [1]
  .text              ro code  0x08000cbc    0x4  startup_stm32f446xx.o [1]
  .text              ro code  0x08000cc0    0x4  startup_stm32f446xx.o [1]
  .text              ro code  0x08000cc4    0x4  startup_stm32f446xx.o [1]
  .text              ro code  0x08000cc8    0x4  startup_stm32f446xx.o [1]
  .text              ro code  0x08000ccc    0x4  startup_stm32f446xx.o [1]
  .text              ro code  0x08000cd0    0x4  startup_stm32f446xx.o [1]
  .text              ro code  0x08000cd4    0x4  startup_stm32f446xx.o [1]
  .text              ro code  0x08000cd8    0x4  startup_stm32f446xx.o [1]
  .text              ro code  0x08000cdc    0x4  startup_stm32f446xx.o [1]
  .text              ro code  0x08000ce0    0x4  startup_stm32f446xx.o [1]
  .text              ro code  0x08000ce4    0x4  startup_stm32f446xx.o [1]
  .text              ro code  0x08000ce8    0x4  startup_stm32f446xx.o [1]
  .text              ro code  0x08000cec    0x4  startup_stm32f446xx.o [1]
  .text              ro code  0x08000cf0    0x4  startup_stm32f446xx.o [1]
  .text              ro code  0x08000cf4    0x4  startup_stm32f446xx.o [1]
  .text              ro code  0x08000cf8    0x4  startup_stm32f446xx.o [1]
  .text              ro code  0x08000cfc    0x4  startup_stm32f446xx.o [1]
  .text              ro code  0x08000d00    0x4  startup_stm32f446xx.o [1]
  .text              ro code  0x08000d04    0x4  startup_stm32f446xx.o [1]
  .text              ro code  0x08000d08    0x4  startup_stm32f446xx.o [1]
  .text              ro code  0x08000d0c    0x4  startup_stm32f446xx.o [1]
  .text              ro code  0x08000d10    0x4  startup_stm32f446xx.o [1]
  .text              ro code  0x08000d14    0x4  startup_stm32f446xx.o [1]
  .text              ro code  0x08000d18    0x4  startup_stm32f446xx.o [1]
  .text              ro code  0x08000d1c    0x4  startup_stm32f446xx.o [1]
  .text              ro code  0x08000d20    0x4  startup_stm32f446xx.o [1]
  .text              ro code  0x08000d24    0x4  startup_stm32f446xx.o [1]
  .text              ro code  0x08000d28    0x4  startup_stm32f446xx.o [1]
  .text              ro code  0x08000d2c    0x4  startup_stm32f446xx.o [1]
  .text              ro code  0x08000d30    0x4  startup_stm32f446xx.o [1]
  .text              ro code  0x08000d34    0x4  startup_stm32f446xx.o [1]
  .text              ro code  0x08000d38    0x4  startup_stm32f446xx.o [1]
  .text              ro code  0x08000d3c    0x4  startup_stm32f446xx.o [1]
  .text              ro code  0x08000d40    0x4  startup_stm32f446xx.o [1]
  .text              ro code  0x08000d44    0x4  startup_stm32f446xx.o [1]
  .text              ro code  0x08000d48    0x4  startup_stm32f446xx.o [1]
  .text              ro code  0x08000d4c    0x4  startup_stm32f446xx.o [1]
  .text              ro code  0x08000d50    0x4  startup_stm32f446xx.o [1]
  .text              ro code  0x08000d54    0x4  startup_stm32f446xx.o [1]
  .text              ro code  0x08000d58    0x4  startup_stm32f446xx.o [1]
  .text              ro code  0x08000d5c    0x4  startup_stm32f446xx.o [1]
  .text              ro code  0x08000d60    0x4  startup_stm32f446xx.o [1]
  .text              ro code  0x08000d64    0x4  startup_stm32f446xx.o [1]
  .text              ro code  0x08000d68    0x4  startup_stm32f446xx.o [1]
  .text              ro code  0x08000d6c    0x4  startup_stm32f446xx.o [1]
  .text              ro code  0x08000d70    0x4  startup_stm32f446xx.o [1]
  .rodata            const    0x08000d74    0x0  packbits_init_single.o [5]
  Initializer bytes  const    0x08000d74   0x11  <for P2-1>
                            - 0x08000d85  0xbc1

"P2", part 1 of 2:                         0x30
  P2-1                        0x20000000   0x30  <Init block>
    .data            inited   0x20000000   0x10  stm32f4xx_rcc.o [1]
    .bss             inited   0x20000010    0x4  main.o [1]
    .bss             inited   0x20000014   0x10  main.o [1]
    .bss             inited   0x20000024    0xc  main.o [1]
                            - 0x20000030   0x30

"P2", part 2 of 2:                        0x400
  CSTACK                      0x20000030  0x400  <Block>
    CSTACK           uninit   0x20000030  0x400  <Block tail>
                            - 0x20000430  0x400


*******************************************************************************
*** INIT TABLE
***

          Address     Size
          -------     ----
Copy/packbits (__iar_packbits_init_single3)
    1 source range, total size 0x11 (35% of destination):
          0x08000d74  0x11
    1 destination range, total size 0x30:
          0x20000000  0x30



*******************************************************************************
*** MODULE SUMMARY
***

    Module                  ro code  ro data  rw data
    ------                  -------  -------  -------
C:\Users\KOKUBO\Documents\STM32開発\I2C_SPL_LCD\Project\STM32F4xx_StdPeriph_Templates\EWARM\STM32F446xx\Obj: [1]
    main.o                      832       12       32
    startup_stm32f446xx.o       812
    stm32f4xx_gpio.o            178
    stm32f4xx_i2c.o             458
    stm32f4xx_it.o               24
    stm32f4xx_rcc.o             524        5       16
    system_stm32f4xx.o          384
    -------------------------------------------------
    Total:                    3 212       17       48

command line: [2]
    -------------------------------------------------
    Total:

dl7M_tln.a: [3]
    exit.o                        4
    low_level_init.o              4
    -------------------------------------------------
    Total:                        8

m7M_tls.a: [4]
    fpinit_M.o                   34
    -------------------------------------------------
    Total:                       34

rt7M_tl.a: [5]
    cexit.o                      10
    cmain.o                      26
    cstartup_M.o                 12
    data_init.o                  40
    packbits_init_single.o       56
    -------------------------------------------------
    Total:                      144

shb_l.a: [6]
    exit.o                       20
    -------------------------------------------------
    Total:                       20

    Gaps                          8        2
    Linker created                        16    1 024
-----------------------------------------------------
    Grand Total:              3 426       35    1 072


*******************************************************************************
*** ENTRY LIST
***

Entry                      Address   Size  Type      Object
-----                      -------   ----  ----      ------
.iar.init_table$$Base   0x08000b94          --   Gb  - Linker created -
.iar.init_table$$Limit  0x08000ba4          --   Gb  - Linker created -
?main                   0x08000ba5         Code  Gb  cmain.o [5]
APBAHBPrescTable        0x20000000   0x10  Data  Lc  stm32f4xx_rcc.o [1]
BusFault_Handler        0x08000bef    0x2  Code  Gb  stm32f4xx_it.o [1]
CSTACK$$Base            0x20000030          --   Gb  - Linker created -
CSTACK$$Limit           0x20000430          --   Gb  - Linker created -
DebugMon_Handler        0x08000bf5    0x2  Code  Gb  stm32f4xx_it.o [1]
Delay                   0x0800048f   0x14  Code  Lc  main.o [1]
EV_Error_Count          0x20000024    0xc  Data  Gb  main.o [1]
GPIO_Init               0x08000711   0xa8  Code  Gb  stm32f4xx_gpio.o [1]
GPIO_ToggleBits         0x080007b9    0xa  Code  Gb  stm32f4xx_gpio.o [1]
HardFault_Handler       0x08000beb    0x2  Code  Gb  stm32f4xx_it.o [1]
I2C_CheckEvent          0x0800091d   0x2e  Code  Gb  stm32f4xx_i2c.o [1]
I2C_Cmd                 0x080008ad   0x1c  Code  Gb  stm32f4xx_i2c.o [1]
I2C_GenerateSTART       0x080008c9   0x1c  Code  Gb  stm32f4xx_i2c.o [1]
I2C_GenerateSTOP        0x080008e5   0x1c  Code  Gb  stm32f4xx_i2c.o [1]
I2C_GetFlagStatus       0x0800094b   0x44  Code  Gb  stm32f4xx_i2c.o [1]
I2C_Init                0x080007c5   0xdc  Code  Gb  stm32f4xx_i2c.o [1]
I2C_Send7bitAddress     0x08000901   0x16  Code  Gb  stm32f4xx_i2c.o [1]
I2C_SendData            0x08000917    0x6  Code  Gb  stm32f4xx_i2c.o [1]
I2C_single_write        0x080003db   0xb4  Code  Gb  main.o [1]
MemManage_Handler       0x08000bed    0x2  Code  Gb  stm32f4xx_it.o [1]
NMI_Handler             0x08000be9    0x2  Code  Gb  stm32f4xx_it.o [1]
PendSV_Handler          0x08000bf7    0x2  Code  Gb  stm32f4xx_it.o [1]
RCC_AHB1PeriphClockCmd  0x080006d1   0x26  Code  Gb  stm32f4xx_rcc.o [1]
RCC_Clocks              0x20000014   0x10  Data  Gb  main.o [1]
RCC_GetClocksFreq       0x08000541  0x190  Code  Gb  stm32f4xx_rcc.o [1]
RCC_MCO1Config          0x08000505   0x1e  Code  Gb  stm32f4xx_rcc.o [1]
RCC_MCO2Config          0x08000523   0x1e  Code  Gb  stm32f4xx_rcc.o [1]
Region$$Table$$Base     0x08000b94          --   Gb  - Linker created -
Region$$Table$$Limit    0x08000ba4          --   Gb  - Linker created -
SVC_Handler             0x08000bf3    0x2  Code  Gb  stm32f4xx_it.o [1]
SetSysClock             0x080009e3   0xf6  Code  Lc  system_stm32f4xx.o [1]
SysTick_Config          0x080001ef   0x36  Code  Lc  main.o [1]
SysTick_Handler         0x08000bf9    0x8  Code  Gb  stm32f4xx_it.o [1]
SystemInit              0x08000991   0x52  Code  Gb  system_stm32f4xx.o [1]
TimingDelay_Decrement   0x080004a3   0x14  Code  Gb  main.o [1]
UsageFault_Handler      0x08000bf1    0x2  Code  Gb  stm32f4xx_it.o [1]
__NVIC_SetPriority      0x080001c5   0x2a  Code  Lc  main.o [1]
__cmain                 0x08000ba5         Code  Gb  cmain.o [5]
__exit                  0x08000bd5   0x14  Code  Gb  exit.o [6]
__iar_data_init3        0x08000b49   0x28  Code  Gb  data_init.o [5]
__iar_init_vfp          0x08000b71         Code  Gb  fpinit_M.o [4]
__iar_packbits_init_single3
                        0x08000b11   0x38  Code  Gb  packbits_init_single.o [5]
__iar_program_start     0x08000c11         Code  Gb  cstartup_M.o [5]
__iar_systems$$module {Abs}
                        0x00000001         Data  Gb  command line/config [2]
__low_level_init        0x08000bbf    0x4  Code  Gb  low_level_init.o [3]
__vector_table          0x08000000         Data  Gb  startup_stm32f446xx.o [1]
_call_main              0x08000bb1         Code  Gb  cmain.o [5]
_exit                   0x08000bc9         Code  Gb  cexit.o [5]
_main                   0x08000bbb         Code  Gb  cmain.o [5]
exit                    0x08000bc3    0x4  Code  Gb  exit.o [3]
main                    0x08000225  0x1b6  Code  Gb  main.o [1]
uwTimingDelay           0x20000010    0x4  Data  Lc  main.o [1]


[1] = C:\Users\KOKUBO\Documents\STM32開発\I2C_SPL_LCD\Project\STM32F4xx_StdPeriph_Templates\EWARM\STM32F446xx\Obj
[2] = command line
[3] = dl7M_tln.a
[4] = m7M_tls.a
[5] = rt7M_tl.a
[6] = shb_l.a

  3 426 bytes of readonly  code memory
     35 bytes of readonly  data memory
  1 072 bytes of readwrite data memory

Errors: none
Warnings: none
